<html>
<body>
<pre>
<h1>µVision Build Log</h1>
<h2>Tool Versions:</h2>
IDE-Version: ¦ÌVision V5.29.0.0
Copyright (C) 2019 ARM Ltd and ARM Germany GmbH. All rights reserved.
License Information:  ,  , LIC=ATTQ1-CGZH8-GKFBG-VMXAF-BDKAH-25K82
 
Tool Versions:
Toolchain:       MDK-ARM Plus  Version: 5.29.0.0
Toolchain Path:  D:\keil download\ARM\ARMCC\Bin
C Compiler:      Armcc.exe V5.06 update 6 (build 750)
Assembler:       Armasm.exe V5.06 update 6 (build 750)
Linker/Locator:  ArmLink.exe V5.06 update 6 (build 750)
Library Manager: ArmAr.exe V5.06 update 6 (build 750)
Hex Converter:   FromElf.exe V5.06 update 6 (build 750)
CPU DLL:         SARMCM3.DLL V5.29.0.0
Dialog DLL:      DCM.DLL V1.17.3.0
Target DLL:      CMSIS_AGDI.dll V1.32.0.0
Dialog DLL:      TCM.DLL V1.36.5.0
 
<h2>Project:</h2>
C:\Users\Cx\Desktop\dma\MDK-ARM\dma.uvprojx
Project File Date:  08/14/2020

<h2>Output:</h2>
*** Using Compiler 'V5.06 update 6 (build 750)', folder: 'D:\keil download\ARM\ARMCC\Bin'
Build target 'dma'
compiling uart_dma.c...
compiling main.c...
linking...
Program Size: Code=4932 RO-data=456 RW-data=24 ZI-data=1320  
FromELF: creating hex file...
"dma\dma.axf" - 0 Error(s), 0 Warning(s).

<h2>Software Packages used:</h2>

Package Vendor: ARM
                http://www.keil.com/pack/ARM.CMSIS.5.6.0.pack
                ARM.CMSIS.5.6.0
                CMSIS (Cortex Microcontroller Software Interface Standard)
   * Component: CORE Version: 5.3.0

Package Vendor: Keil
                http://www.keil.com/pack/Keil.STM32F4xx_DFP.2.14.0.pack
                Keil.STM32F4xx_DFP.2.14.0
                STMicroelectronics STM32F4 Series Device Support, Drivers and Examples

<h2>Collection of Component include folders:</h2>
  .\RTE\_dma
  D:\keil download\ARM\CMSIS\5.6.0\CMSIS\Core\Include
  D:\keil download\Keil\STM32F4xx_DFP\2.14.0\Drivers\CMSIS\Device\ST\STM32F4xx\Include

<h2>Collection of Component Files used:</h2>

   * Component: ARM::CMSIS:CORE:5.3.0
Build Time Elapsed:  00:00:05
</pre>
</body>
</html>
